I'm sorry, but errors were detected in your script. Please correct the
errors listed below, and try again.


File "game/script.rpy", line 52: expected ':' not found.
    label choice_devon
                      ^

Ren'Py Version: Ren'Py 6.99.14.3135
